ahmedali@ahmedali-virtual-machine:~$ su hduser
Password: 
hduser@ahmedali-virtual-machine:/home/ahmedali$ shart-all.sh
shart-all.sh: command not found
hduser@ahmedali-virtual-machine:/home/ahmedali$ start-all.sh
This script is Deprecated. Instead use start-dfs.sh and start-yarn.sh
WARNING: An illegal reflective access operation has occurred
WARNING: Illegal reflective access by org.apache.hadoop.security.authentication.util.KerberosUtil (file:/usr/local/hadoop/share/hadoop/common/lib/hadoop-auth-2.6.0.jar) to method sun.security.krb5.Config.getInstance()
WARNING: Please consider reporting this to the maintainers of org.apache.hadoop.security.authentication.util.KerberosUtil
WARNING: Use --illegal-access=warn to enable warnings of further illegal reflective access operations
WARNING: All illegal access operations will be denied in a future release
21/05/10 11:53:19 WARN util.NativeCodeLoader: Unable to load native-hadoop library for your platform... using builtin-java classes where applicable
Starting namenodes on [localhost]
hduser@localhost's password: 
localhost: starting namenode, logging to /usr/local/hadoop/logs/hadoop-hduser-namenode-ahmedali-virtual-machine.out
hduser@localhost's password: 
localhost: starting datanode, logging to /usr/local/hadoop/logs/hadoop-hduser-datanode-ahmedali-virtual-machine.out
Starting secondary namenodes [0.0.0.0]
hduser@0.0.0.0's password: 
0.0.0.0: starting secondarynamenode, logging to /usr/local/hadoop/logs/hadoop-hduser-secondarynamenode-ahmedali-virtual-machine.out
WARNING: An illegal reflective access operation has occurred
WARNING: Illegal reflective access by org.apache.hadoop.security.authentication.util.KerberosUtil (file:/usr/local/hadoop/share/hadoop/common/lib/hadoop-auth-2.6.0.jar) to method sun.security.krb5.Config.getInstance()
WARNING: Please consider reporting this to the maintainers of org.apache.hadoop.security.authentication.util.KerberosUtil
WARNING: Use --illegal-access=warn to enable warnings of further illegal reflective access operations
WARNING: All illegal access operations will be denied in a future release
21/05/10 11:53:48 WARN util.NativeCodeLoader: Unable to load native-hadoop library for your platform... using builtin-java classes where applicable
starting yarn daemons
starting resourcemanager, logging to /usr/local/hadoop/logs/yarn-hduser-resourcemanager-ahmedali-virtual-machine.out
hduser@localhost's password: 
localhost: starting nodemanager, logging to /usr/local/hadoop/logs/yarn-hduser-nodemanager-ahmedali-virtual-machine.out

hduser@ahmedali-virtual-machine:/home/ahmedali$ cd ..
hduser@ahmedali-virtual-machine:/home$ cd/
bash: cd/: No such file or directory
hduser@ahmedali-virtual-machine://$ cd usr/local/hadoop/
hduser@ahmedali-virtual-machine://usr/local/hadoop$ hdfs dfs -ls /
WARNING: An illegal reflective access operation has occurred
WARNING: Illegal reflective access by org.apache.hadoop.security.authentication.util.KerberosUtil (file:/usr/local/hadoop/share/hadoop/common/lib/hadoop-auth-2.6.0.jar) to method sun.security.krb5.Config.getInstance()
WARNING: Please consider reporting this to the maintainers of org.apache.hadoop.security.authentication.util.KerberosUtil
WARNING: Use --illegal-access=warn to enable warnings of further illegal reflective access operations
WARNING: All illegal access operations will be denied in a future release
21/05/10 12:02:22 WARN util.NativeCodeLoader: Unable to load native-hadoop library for your platform... using builtin-java classes where applicable
Found 2 items
drwxr-xr-x   - hduser supergroup          0 2021-04-29 07:49 /home
drwxr-xr-x   - hduser supergroup          0 2021-04-29 07:43 /rgs
hduser@ahmedali-virtual-machine://usr/local/hadoop$ hdfs dfs -mkdir /lab5
WARNING: An illegal reflective access operation has occurred
WARNING: Illegal reflective access by org.apache.hadoop.security.authentication.util.KerberosUtil (file:/usr/local/hadoop/share/hadoop/common/lib/hadoop-auth-2.6.0.jar) to method sun.security.krb5.Config.getInstance()
WARNING: Please consider reporting this to the maintainers of org.apache.hadoop.security.authentication.util.KerberosUtil
WARNING: Use --illegal-access=warn to enable warnings of further illegal reflective access operations
WARNING: All illegal access operations will be denied in a future release
21/05/10 12:04:01 WARN util.NativeCodeLoader: Unable to load native-hadoop library for your platform... using builtin-java classes where applicable
hduser@ahmedali-virtual-machine://usr/local/hadoop$ hdfs dfs -ls /
WARNING: An illegal reflective access operation has occurred
WARNING: Illegal reflective access by org.apache.hadoop.security.authentication.util.KerberosUtil (file:/usr/local/hadoop/share/hadoop/common/lib/hadoop-auth-2.6.0.jar) to method sun.security.krb5.Config.getInstance()
WARNING: Please consider reporting this to the maintainers of org.apache.hadoop.security.authentication.util.KerberosUtil
WARNING: Use --illegal-access=warn to enable warnings of further illegal reflective access operations
WARNING: All illegal access operations will be denied in a future release
21/05/10 12:04:13 WARN util.NativeCodeLoader: Unable to load native-hadoop library for your platform... using builtin-java classes where applicable
Found 3 items
drwxr-xr-x   - hduser supergroup          0 2021-04-29 07:49 /home
drwxr-xr-x   - hduser supergroup          0 2021-05-10 12:04 /lab5
drwxr-xr-x   - hduser supergroup          0 2021-04-29 07:43 /rgs

hduser@ahmedali-virtual-machine://usr/local/hadoop$ hdfs dfs -copyFromLocal /home/ahmedali/Desktop/Temperature/Dataset /lab5
WARNING: An illegal reflective access operation has occurred
WARNING: Illegal reflective access by org.apache.hadoop.security.authentication.util.KerberosUtil (file:/usr/local/hadoop/share/hadoop/common/lib/hadoop-auth-2.6.0.jar) to method sun.security.krb5.Config.getInstance()
WARNING: Please consider reporting this to the maintainers of org.apache.hadoop.security.authentication.util.KerberosUtil
WARNING: Use --illegal-access=warn to enable warnings of further illegal reflective access operations
WARNING: All illegal access operations will be denied in a future release
21/05/10 12:09:15 WARN util.NativeCodeLoader: Unable to load native-hadoop library for your platform... using builtin-java classes where applicable

hduser@ahmedali-virtual-machine://usr/local/hadoop$ hdfs dfs -ls /lab5
WARNING: An illegal reflective access operation has occurred
WARNING: Illegal reflective access by org.apache.hadoop.security.authentication.util.KerberosUtil (file:/usr/local/hadoop/share/hadoop/common/lib/hadoop-auth-2.6.0.jar) to method sun.security.krb5.Config.getInstance()
WARNING: Please consider reporting this to the maintainers of org.apache.hadoop.security.authentication.util.KerberosUtil
WARNING: Use --illegal-access=warn to enable warnings of further illegal reflective access operations
WARNING: All illegal access operations will be denied in a future release
21/05/10 12:09:50 WARN util.NativeCodeLoader: Unable to load native-hadoop library for your platform... using builtin-java classes where applicable
Found 1 items
-rw-r--r--   1 hduser supergroup     888190 2021-05-10 12:09 /lab5/Dataset
hduser@ahmedali-virtual-machine://usr/local/hadoop$ hadoop jar /home/ahmedali/Desktop/temperature.jar /lab5/Dataset /lab5_output
Not a valid JAR: /home/ahmedali/Desktop/temperature.jar
hduser@ahmedali-virtual-machine://usr/local/hadoop$ hadoop jar /home/ahmedali/Desktop/temparature.jar /lab5/Dataset /lab5_output
WARNING: An illegal reflective access operation has occurred
WARNING: Illegal reflective access by org.apache.hadoop.security.authentication.util.KerberosUtil (file:/usr/local/hadoop/share/hadoop/common/lib/hadoop-auth-2.6.0.jar) to method sun.security.krb5.Config.getInstance()
WARNING: Please consider reporting this to the maintainers of org.apache.hadoop.security.authentication.util.KerberosUtil
WARNING: Use --illegal-access=warn to enable warnings of further illegal reflective access operations
WARNING: All illegal access operations will be denied in a future release
21/05/10 12:12:07 WARN util.NativeCodeLoader: Unable to load native-hadoop library for your platform... using builtin-java classes where applicable
21/05/10 12:12:08 INFO Configuration.deprecation: session.id is deprecated. Instead, use dfs.metrics.session-id
21/05/10 12:12:08 INFO jvm.JvmMetrics: Initializing JVM Metrics with processName=JobTracker, sessionId=
21/05/10 12:12:08 WARN mapreduce.JobSubmitter: Hadoop command-line option parsing not performed. Implement the Tool interface and execute your application with ToolRunner to remedy this.
21/05/10 12:12:08 INFO input.FileInputFormat: Total input paths to process : 1
21/05/10 12:12:08 INFO mapreduce.JobSubmitter: number of splits:1
21/05/10 12:12:09 INFO mapreduce.JobSubmitter: Submitting tokens for job: job_local925759593_0001
21/05/10 12:12:09 INFO mapreduce.Job: The url to track the job: http://localhost:8080/
21/05/10 12:12:09 INFO mapreduce.Job: Running job: job_local925759593_0001
21/05/10 12:12:09 INFO mapred.LocalJobRunner: OutputCommitter set in config null
21/05/10 12:12:09 INFO mapred.LocalJobRunner: OutputCommitter is org.apache.hadoop.mapreduce.lib.output.FileOutputCommitter
21/05/10 12:12:09 INFO mapred.LocalJobRunner: Waiting for map tasks
21/05/10 12:12:09 INFO mapred.LocalJobRunner: Starting task: attempt_local925759593_0001_m_000000_0
21/05/10 12:12:09 INFO mapred.Task:  Using ResourceCalculatorProcessTree : [ ]
21/05/10 12:12:09 INFO mapred.MapTask: Processing split: hdfs://localhost:54310/lab5/Dataset:0+888190
21/05/10 12:12:09 INFO mapred.MapTask: (EQUATOR) 0 kvi 26214396(104857584)
21/05/10 12:12:09 INFO mapred.MapTask: mapreduce.task.io.sort.mb: 100
21/05/10 12:12:09 INFO mapred.MapTask: soft limit at 83886080
21/05/10 12:12:09 INFO mapred.MapTask: bufstart = 0; bufvoid = 104857600
21/05/10 12:12:09 INFO mapred.MapTask: kvstart = 26214396; length = 6553600
21/05/10 12:12:09 INFO mapred.MapTask: Map output collector class = org.apache.hadoop.mapred.MapTask$MapOutputBuffer
21/05/10 12:12:10 INFO mapred.LocalJobRunner: 
21/05/10 12:12:10 INFO mapred.MapTask: Starting flush of map output
21/05/10 12:12:10 INFO mapred.MapTask: Spilling map output
21/05/10 12:12:10 INFO mapred.MapTask: bufstart = 0; bufend = 59076; bufvoid = 104857600
21/05/10 12:12:10 INFO mapred.MapTask: kvstart = 26214396(104857584); kvend = 26188144(104752576); length = 26253/6553600
21/05/10 12:12:10 INFO mapred.MapTask: Finished spill 0
21/05/10 12:12:10 INFO mapred.Task: Task:attempt_local925759593_0001_m_000000_0 is done. And is in the process of committing
21/05/10 12:12:10 INFO mapred.LocalJobRunner: map
21/05/10 12:12:10 INFO mapred.Task: Task 'attempt_local925759593_0001_m_000000_0' done.
21/05/10 12:12:10 INFO mapred.LocalJobRunner: Finishing task: attempt_local925759593_0001_m_000000_0
21/05/10 12:12:10 INFO mapred.LocalJobRunner: map task executor complete.
21/05/10 12:12:10 INFO mapred.LocalJobRunner: Waiting for reduce tasks
21/05/10 12:12:10 INFO mapred.LocalJobRunner: Starting task: attempt_local925759593_0001_r_000000_0
21/05/10 12:12:10 INFO mapred.Task:  Using ResourceCalculatorProcessTree : [ ]
21/05/10 12:12:10 INFO mapred.ReduceTask: Using ShuffleConsumerPlugin: org.apache.hadoop.mapreduce.task.reduce.Shuffle@5f0f0229
21/05/10 12:12:10 INFO reduce.MergeManagerImpl: MergerManager: memoryLimit=375809632, maxSingleShuffleLimit=93952408, mergeThreshold=248034368, ioSortFactor=10, memToMemMergeOutputsThreshold=10
21/05/10 12:12:10 INFO reduce.EventFetcher: attempt_local925759593_0001_r_000000_0 Thread started: EventFetcher for fetching Map Completion Events
21/05/10 12:12:10 INFO reduce.LocalFetcher: localfetcher#1 about to shuffle output of map attempt_local925759593_0001_m_000000_0 decomp: 72206 len: 72210 to MEMORY
21/05/10 12:12:10 INFO reduce.InMemoryMapOutput: Read 72206 bytes from map-output for attempt_local925759593_0001_m_000000_0
21/05/10 12:12:10 INFO reduce.MergeManagerImpl: closeInMemoryFile -> map-output of size: 72206, inMemoryMapOutputs.size() -> 1, commitMemory -> 0, usedMemory ->72206
21/05/10 12:12:10 INFO reduce.EventFetcher: EventFetcher is interrupted.. Returning
21/05/10 12:12:10 INFO mapred.LocalJobRunner: 1 / 1 copied.
21/05/10 12:12:10 INFO reduce.MergeManagerImpl: finalMerge called with 1 in-memory map-outputs and 0 on-disk map-outputs
21/05/10 12:12:10 INFO mapred.Merger: Merging 1 sorted segments
21/05/10 12:12:10 INFO mapred.Merger: Down to the last merge-pass, with 1 segments left of total size: 72199 bytes
21/05/10 12:12:10 INFO reduce.MergeManagerImpl: Merged 1 segments, 72206 bytes to disk to satisfy reduce memory limit
21/05/10 12:12:10 INFO reduce.MergeManagerImpl: Merging 1 files, 72210 bytes from disk
21/05/10 12:12:10 INFO reduce.MergeManagerImpl: Merging 0 segments, 0 bytes from memory into reduce
21/05/10 12:12:10 INFO mapred.Merger: Merging 1 sorted segments
21/05/10 12:12:10 INFO mapred.Merger: Down to the last merge-pass, with 1 segments left of total size: 72199 bytes
21/05/10 12:12:10 INFO mapred.LocalJobRunner: 1 / 1 copied.
21/05/10 12:12:10 INFO Configuration.deprecation: mapred.skip.on is deprecated. Instead, use mapreduce.job.skiprecords
21/05/10 12:12:10 INFO mapreduce.Job: Job job_local925759593_0001 running in uber mode : false
21/05/10 12:12:10 INFO mapreduce.Job:  map 100% reduce 0%
21/05/10 12:12:10 INFO mapred.Task: Task:attempt_local925759593_0001_r_000000_0 is done. And is in the process of committing
21/05/10 12:12:10 INFO mapred.LocalJobRunner: 1 / 1 copied.
21/05/10 12:12:10 INFO mapred.Task: Task attempt_local925759593_0001_r_000000_0 is allowed to commit now
21/05/10 12:12:10 INFO output.FileOutputCommitter: Saved output of task 'attempt_local925759593_0001_r_000000_0' to hdfs://localhost:54310/lab5_output/_temporary/0/task_local925759593_0001_r_000000
21/05/10 12:12:10 INFO mapred.LocalJobRunner: reduce > reduce
21/05/10 12:12:10 INFO mapred.Task: Task 'attempt_local925759593_0001_r_000000_0' done.
21/05/10 12:12:10 INFO mapred.LocalJobRunner: Finishing task: attempt_local925759593_0001_r_000000_0
21/05/10 12:12:10 INFO mapred.LocalJobRunner: reduce task executor complete.
21/05/10 12:12:11 INFO mapreduce.Job:  map 100% reduce 100%
21/05/10 12:12:11 INFO mapreduce.Job: Job job_local925759593_0001 completed successfully
21/05/10 12:12:11 INFO mapreduce.Job: Counters: 38
	File System Counters
		FILE: Number of bytes read=152882
		FILE: Number of bytes written=722578
		FILE: Number of read operations=0
		FILE: Number of large read operations=0
		FILE: Number of write operations=0
		HDFS: Number of bytes read=1776380
		HDFS: Number of bytes written=8
		HDFS: Number of read operations=13
		HDFS: Number of large read operations=0
		HDFS: Number of write operations=4
	Map-Reduce Framework
		Map input records=6565
		Map output records=6564
		Map output bytes=59076
		Map output materialized bytes=72210
		Input split bytes=100
		Combine input records=0
		Combine output records=0
		Reduce input groups=1
		Reduce shuffle bytes=72210
		Reduce input records=6564
		Reduce output records=1
		Spilled Records=13128
		Shuffled Maps =1
		Failed Shuffles=0
		Merged Map outputs=1
		GC time elapsed (ms)=13
		CPU time spent (ms)=0
		Physical memory (bytes) snapshot=0
		Virtual memory (bytes) snapshot=0
		Total committed heap usage (bytes)=429916160
	Shuffle Errors
		BAD_ID=0
		CONNECTION=0
		IO_ERROR=0
		WRONG_LENGTH=0
		WRONG_MAP=0
		WRONG_REDUCE=0
	File Input Format Counters 
		Bytes Read=888190
	File Output Format Counters 
		Bytes Written=8
hduser@ahmedali-virtual-machine://usr/local/hadoop$ hdfs dfs -ls /lab5_output
WARNING: An illegal reflective access operation has occurred
WARNING: Illegal reflective access by org.apache.hadoop.security.authentication.util.KerberosUtil (file:/usr/local/hadoop/share/hadoop/common/lib/hadoop-auth-2.6.0.jar) to method sun.security.krb5.Config.getInstance()
WARNING: Please consider reporting this to the maintainers of org.apache.hadoop.security.authentication.util.KerberosUtil
WARNING: Use --illegal-access=warn to enable warnings of further illegal reflective access operations
WARNING: All illegal access operations will be denied in a future release
21/05/10 12:12:42 WARN util.NativeCodeLoader: Unable to load native-hadoop library for your platform... using builtin-java classes where applicable
Found 2 items
-rw-r--r--   1 hduser supergroup          0 2021-05-10 12:12 /lab5_output/_SUCCESS
-rw-r--r--   1 hduser supergroup          8 2021-05-10 12:12 /lab5_output/part-r-00000
hduser@ahmedali-virtual-machine://usr/local/hadoop$ hdfs dfs -cat /lab5_output/part-r-00000
WARNING: An illegal reflective access operation has occurred
WARNING: Illegal reflective access by org.apache.hadoop.security.authentication.util.KerberosUtil (file:/usr/local/hadoop/share/hadoop/common/lib/hadoop-auth-2.6.0.jar) to method sun.security.krb5.Config.getInstance()
WARNING: Please consider reporting this to the maintainers of org.apache.hadoop.security.authentication.util.KerberosUtil
WARNING: Use --illegal-access=warn to enable warnings of further illegal reflective access operations
WARNING: All illegal access operations will be denied in a future release
21/05/10 12:13:46 WARN util.NativeCodeLoader: Unable to load native-hadoop library for your platform... using builtin-java classes where applicable
1901	46
hduser@ahmedali-virtual-machine://usr/local/hadoop$ 

